cmux iOS debug log · cmux · built 2026-08-13 22:44:52 · started 2026-08-14T06:01:25Z
[    0.002] app launch · composition root initialized
[    0.917] connection.recovery coalesced trigger=presencePush storedMacGeneration=2
[    3.334] macupdate.hint caps=48 version=0.64.22 hint=nil
[    3.453] sync.transport=render_grid
[    3.522] sync.subscribe_ok topics=16 transport=renderGrid
[    3.729] changes.summary ok requested=2 summaries=2 chips=0 sample=- reqSample=167FAC98
[    3.730] notif.reconcile delivered=0 handled=0 unread=0
[    5.458] composer.toggle active=true keyboardHeight=0 occInBounds=0 barHidden=false barY=0 barH=36 boundsH=700
[    5.474] surface.layout bounds=402x700 window=false
[    5.474] surface.occlusion visible=false window=false hidden=false alpha=1.0
[    5.499] changes.hint eval ws=167FAC98 capable=true files=-1 dismissed=false shown=false
[    5.514] surface.didMoveToWindow window=true
[    5.514] surface.occlusion visible=true window=true hidden=false alpha=1.0
[    5.539] surface.layout bounds=440x836 window=true
[    5.539] surface.occlusion visible=true window=true hidden=false alpha=1.0
[    5.562] surface.layout bounds=440x836 window=true
[    5.562] surface.occlusion visible=true window=true hidden=false alpha=1.0
[    5.564] runtime.tick
[    5.564] scroll.bar total=17 offset=0 len=17
[    5.564] tick.alive win=true suspended=false renderInFlight=false needsDraw=true contents=false surf=0x0 sinceOutput=-1ms
[    5.565] geom container=440x714 scale=3.0 cellPx=18x35 natural=72x61 eff=nil pinned=nil renderRect=440x714@0
[    5.565] zoom.autofit.deferred kbAnim=0 pendingReport=0 awaitingEcho=0 reportGrid=72x61 lastReported=nil
[    5.565] runtime.tick
[    5.565] scroll.bar total=61 offset=0 len=61
[    5.565] runtime.tick
[    5.568] surface.layout bounds=440x836 window=true
[    5.568] surface.occlusion visible=true window=true hidden=false alpha=1.0
[    5.585] zoom.autofit.deferred kbAnim=0 pendingReport=1 awaitingEcho=0 reportGrid=72x61 lastReported=72x61
[    5.585] geom container=440x714 scale=3.0 cellPx=18x35 natural=72x61 eff=nil pinned=nil renderRect=440x714@0
[    5.701] zoom.report grid=72x61 id=1
[    5.702] CMUX_REPLAY stale_request_failed surface=F78CA8FE-6177-4A0D-AA0A-77537A4F29E6
[    5.854] terminal.output.viewport_resync surface=F78CA8FE-6177-4A0D-AA0A-77537A4F29E6 grid=72x61
[    5.885] surface.layout bounds=440x836 window=true
[    5.885] surface.occlusion visible=true window=true hidden=false alpha=1.0
[    5.887] geom container=440x714 scale=3.0 cellPx=18x35 natural=72x61 eff=nil pinned=nil renderRect=440x714@0
[    5.888] terminal.output.drop_replay_barrier surface=F78CA8FE-6177-4A0D-AA0A-77537A4F29E6 count=1
[    5.888] runtime.tick
[    5.889] geom container=440x714 scale=3.0 cellPx=18x35 natural=72x61 eff=nil pinned=nil renderRect=440x714@0
[    6.021] CMUX_REPLAY render_grid surface=F78CA8FE-6177-4A0D-AA0A-77537A4F29E6 spans=74 seq=6318
[    6.021] sync.render_grid_stale_theme surface=F78CA8FE-6177-4A0D-AA0A-77537A4F29E6 revision=44
[    6.088] verified_replay.freeze transaction=1 contents=true
[    6.088] zoom.applyViewSize eff=nil->72x61
[    6.088] geom container=440x714 scale=3.0 cellPx=18x35 natural=72x61 eff=72x61 pinned=nil renderRect=440x714@0
[    6.088] runtime.tick
[    6.089] runtime.tick
[    6.089] runtime.tick
[    6.089] runtime.tick
[    6.089] runtime.tick
[    6.089] runtime.tick
[    6.089] runtime.tick
[    6.089] runtime.tick
[    6.089] runtime.tick
[    6.089] runtime.tick
[    6.089] runtime.tick
[    6.089] runtime.tick
[    6.089] runtime.tick
[    6.089] runtime.tick
[    6.089] runtime.tick
[    6.089] runtime.tick
[    6.089] runtime.tick
[    6.089] runtime.tick
[    6.089] runtime.tick
[    6.089] runtime.tick
[    6.089] runtime.tick
[    6.089] runtime.tick
[    6.089] runtime.tick
[    6.089] surface.layers reason=processOutput host=CAMetalLayer bounds=(0.0, 0.0, 440.0, 836.0) frame=(0.0, 0.0, 440.0, 836.0) contentsScale=3.0 children=[0:CALayer bounds=(0.0, 0.0, 440.0, 714.0) frame=(0.0, 0.0, 440.0, 714.0) hidden=true contents=false scale=1.0 | 1:CALayer bounds=(0.0, 499650.0, 440.0, 836.0) frame=(0.0, 0.0, 440.0, 836.0) hidden=false contents=false scale=1.0 | 2:CALayer bounds=(0.0, 0.0, 440.0, 1.0) frame=(0.0, 0.0, 440.0, 1.0) hidden=false contents=false scale=1.0 | 3:CALayer bounds=(0.0, 0.0, 440.0, 836.0) frame=(0.0, 0.0, 440.0, 836.0) hidden=false contents=false scale=1.0] fallbackHidden=true fallbackChars=0
[    6.102] surface.layout bounds=440x836 window=true
[    6.102] surface.occlusion visible=true window=true hidden=false alpha=1.0
[    6.103] runtime.tick
[    6.118] verified_replay.reveal transaction=1
[    6.118] terminal.output.replay_barrier_cleared surface=F78CA8FE-6177-4A0D-AA0A-77537A4F29E6
[    6.118] terminal.output.replay_followup surface=F78CA8FE-6177-4A0D-AA0A-77537A4F29E6
[    6.118] geom container=440x714 scale=3.0 cellPx=18x35 natural=72x61 eff=72x61 pinned=nil renderRect=440x714@0
[    6.135] surface.layout bounds=440x836 window=true
[    6.135] surface.occlusion visible=true window=true hidden=false alpha=1.0
[    6.135] runtime.tick
[    6.152] geom container=440x714 scale=3.0 cellPx=18x35 natural=72x61 eff=72x61 pinned=nil renderRect=440x714@0
[    6.194] CMUX_REPLAY render_grid surface=F78CA8FE-6177-4A0D-AA0A-77537A4F29E6 spans=65 seq=7986
[    6.240] verified_replay.freeze transaction=2 contents=true
[    6.240] runtime.tick
[    6.240] runtime.tick
[    6.240] runtime.tick
[    6.240] runtime.tick
[    6.240] runtime.tick
[    6.240] runtime.tick
[    6.252] surface.layout bounds=440x836 window=true
[    6.252] surface.occlusion visible=true window=true hidden=false alpha=1.0
[    6.254] runtime.tick
[    6.269] verified_replay.reveal transaction=2
[    6.270] terminal.output.replay_barrier_cleared surface=F78CA8FE-6177-4A0D-AA0A-77537A4F29E6
[    6.270] geom container=440x714 scale=3.0 cellPx=18x35 natural=72x61 eff=72x61 pinned=nil renderRect=440x714@0
[    6.285] surface.layout bounds=440x836 window=true
[    6.285] surface.occlusion visible=true window=true hidden=false alpha=1.0
[    6.286] runtime.tick
[    6.302] geom container=440x714 scale=3.0 cellPx=18x35 natural=72x61 eff=72x61 pinned=nil renderRect=440x714@0
[    7.241] runtime.tick
[    7.568] tick.alive win=true suspended=false renderInFlight=false needsDraw=false contents=true surf=440x714 sinceOutput=1327ms
[    8.276] geom container=440x714 scale=3.0 cellPx=18x35 natural=72x61 eff=72x61 pinned=nil renderRect=440x714@0
[    8.312] geom.deferShrink container=440x430 applied=440x714
[    8.317] surface.layout bounds=440x802 window=true
[    8.317] surface.occlusion visible=true window=true hidden=false alpha=1.0
[    8.319] geom container=440x430 scale=3.0 cellPx=18x35 natural=72x61 eff=72x61 pinned=nil renderRect=440x714@0
[    8.319] zoom.autofit.deferred kbAnim=1 pendingReport=0 awaitingEcho=0 reportGrid=72x36 lastReported=72x61
[    8.319] runtime.tick
[    8.319] geom.deferShrink container=440x396 applied=440x714
[    8.319] geom container=440x396 scale=3.0 cellPx=18x35 natural=72x61 eff=72x61 pinned=nil renderRect=440x714@0
[    8.319] zoom.autofit.deferred kbAnim=1 pendingReport=1 awaitingEcho=0 reportGrid=72x33 lastReported=72x36
[    8.387] verified_replay.freeze transaction=3 contents=true
[    8.387] terminal.output.reset surface=F78CA8FE-6177-4A0D-AA0A-77537A4F29E6
[    8.402] surface.layout bounds=440x802 window=true
[    8.402] surface.occlusion visible=true window=true hidden=false alpha=1.0
[    8.403] runtime.tick
[    8.418] geom.deferShrink container=440x396 applied=440x714
[    8.418] geom container=440x396 scale=3.0 cellPx=18x35 natural=72x61 eff=72x61 pinned=nil renderRect=440x714@0
[    8.418] zoom.autofit.deferred kbAnim=1 pendingReport=1 awaitingEcho=0 reportGrid=72x33 lastReported=72x33
[    8.451] zoom.report grid=72x33 id=2
[    8.451] CMUX_REPLAY stale_request_failed surface=F78CA8FE-6177-4A0D-AA0A-77537A4F29E6
[    8.515] terminal.output.viewport_resync surface=F78CA8FE-6177-4A0D-AA0A-77537A4F29E6 grid=72x33
[    8.515] zoom.applyViewSize eff=72x61->72x33
[    8.519] geom.deferShrink container=440x396 applied=440x714
[    8.519] geom container=440x396 scale=3.0 cellPx=18x35 natural=72x61 eff=72x33 pinned=nil renderRect=440x714@0
[    8.519] zoom.autofit.deferred kbAnim=1 pendingReport=0 awaitingEcho=0 reportGrid=72x33 lastReported=72x33
[    8.548] terminal.output.drop_replay_barrier surface=F78CA8FE-6177-4A0D-AA0A-77537A4F29E6 count=1
[    8.548] sync.render_grid_waiting_for_baseline source=event surface=F78CA8FE-6177-4A0D-AA0A-77537A4F29E6 seq=9010
[    8.551] sync.render_grid_waiting_for_baseline source=event surface=F78CA8FE-6177-4A0D-AA0A-77537A4F29E6 seq=9430
[    8.665] CMUX_REPLAY render_grid surface=F78CA8FE-6177-4A0D-AA0A-77537A4F29E6 spans=65 seq=9430
[    8.683] runtime.tick
[    8.683] runtime.tick
[    8.683] runtime.tick
[    8.683] runtime.tick
[    8.683] runtime.tick
[    8.684] surface.layers reason=processOutput host=CAMetalLayer bounds=(0.0, 0.0, 440.0, 802.0) frame=(0.0, 0.0, 440.0, 802.0) contentsScale=3.0 children=[0:CALayer bounds=(0.0, 0.0, 440.0, 396.0) frame=(0.0, 0.0, 440.0, 396.0) hidden=true contents=false scale=1.0 | 1:CALayer bounds=(0.0, 499650.0, 440.0, 802.0) frame=(0.0, 0.0, 440.0, 802.0) hidden=false contents=false scale=1.0 | 2:CALayer bounds=(0.0, 0.0, 440.0, 1.0) frame=(0.0, 0.0, 440.0, 1.0) hidden=false contents=false scale=1.0 | 3:CALayer bounds=(0.0, 0.0, 440.0, 802.0) frame=(0.0, 0.0, 440.0, 802.0) hidden=false contents=false scale=1.0] fallbackHidden=true fallbackChars=0
[    8.685] verified_replay.resubmit reason=geometry revision=2
[    8.686] runtime.tick
[    8.686] geom container=440x396 scale=3.0 cellPx=18x36 natural=72x33 eff=72x33 pinned=nil renderRect=440x396@0
[    8.686] verified_replay.resubmit reason=geometry revision=3
[    8.686] zoom.autofit.deferred kbAnim=0 pendingReport=0 awaitingEcho=0 reportGrid=72x33 lastReported=72x33
[    8.690] runtime.tick
[    8.690] scroll.bar total=33 offset=0 len=33
[    8.702] surface.layout bounds=440x802 window=true
[    8.702] surface.occlusion visible=true window=true hidden=false alpha=1.0
[    8.703] runtime.tick
[    8.727] verified_replay.reveal transaction=4
[    8.727] terminal.output.replay_barrier_cleared surface=F78CA8FE-6177-4A0D-AA0A-77537A4F29E6
[    8.727] terminal.output.replay_followup surface=F78CA8FE-6177-4A0D-AA0A-77537A4F29E6
[    8.727] geom container=440x396 scale=3.0 cellPx=18x36 natural=72x33 eff=72x33 pinned=nil renderRect=440x396@0
[    8.727] zoom.autofit.deferred kbAnim=0 pendingReport=1 awaitingEcho=0 reportGrid=72x33 lastReported=72x33
[    8.736] surface.layout bounds=440x802 window=true
[    8.736] surface.occlusion visible=true window=true hidden=false alpha=1.0
[    8.736] runtime.tick
[    8.753] geom container=440x396 scale=3.0 cellPx=18x36 natural=72x33 eff=72x33 pinned=nil renderRect=440x396@0
[    8.753] zoom.autofit.deferred kbAnim=0 pendingReport=1 awaitingEcho=0 reportGrid=72x33 lastReported=72x33
[    8.807] CMUX_REPLAY render_grid surface=F78CA8FE-6177-4A0D-AA0A-77537A4F29E6 spans=65 seq=9430
[    8.818] zoom.report grid=72x33 id=3
[    8.871] runtime.tick
[    8.871] verified_replay.freeze transaction=5 contents=true
[    8.879] surface.layout bounds=440x802 window=true
[    8.879] surface.occlusion visible=true window=true hidden=false alpha=1.0
[    8.881] runtime.tick
[    8.881] runtime.tick
[    8.881] runtime.tick
[    8.881] runtime.tick
[    8.881] runtime.tick
[    8.902] CMUX_REPLAY retry_after_failure surface=F78CA8FE-6177-4A0D-AA0A-77537A4F29E6 attempt=1
[    8.902] terminal.output.reset_replay_ack surface=F78CA8FE-6177-4A0D-AA0A-77537A4F29E6
[    8.902] geom container=440x396 scale=3.0 cellPx=18x36 natural=72x33 eff=72x33 pinned=nil renderRect=440x396@0
[    9.004] terminal.output.drop_replay_barrier surface=F78CA8FE-6177-4A0D-AA0A-77537A4F29E6 count=1
[    9.018] sync.render_grid_waiting_for_baseline source=event surface=F78CA8FE-6177-4A0D-AA0A-77537A4F29E6 seq=10198
[    9.037] CMUX_REPLAY render_grid surface=F78CA8FE-6177-4A0D-AA0A-77537A4F29E6 spans=65 seq=9430
[    9.037] sync.render_grid_stale_theme surface=F78CA8FE-6177-4A0D-AA0A-77537A4F29E6 revision=55
[    9.044] runtime.tick
[    9.044] runtime.tick
[    9.045] runtime.tick
[    9.045] runtime.tick
[    9.045] runtime.tick
[    9.045] runtime.tick
[    9.045] runtime.tick
[    9.045] runtime.tick
[    9.045] runtime.tick
[    9.045] runtime.tick
[    9.045] runtime.tick
[    9.045] runtime.tick
[    9.045] runtime.tick
[    9.045] runtime.tick
[    9.045] runtime.tick
[    9.045] runtime.tick
[    9.045] runtime.tick
[    9.045] runtime.tick
[    9.045] runtime.tick
[    9.045] runtime.tick
[    9.045] runtime.tick
[    9.045] runtime.tick
[    9.045] runtime.tick
[    9.069] verified_replay.reveal transaction=6
[    9.069] terminal.output.replay_followup_cap_reached surface=F78CA8FE-6177-4A0D-AA0A-77537A4F29E6 attempts=1
[    9.069] terminal.output.replay_barrier_fail_open surface=F78CA8FE-6177-4A0D-AA0A-77537A4F29E6 reason=followup_cap
[    9.086] surface.layout bounds=440x802 window=true
[    9.086] surface.occlusion visible=true window=true hidden=false alpha=1.0
[    9.086] runtime.tick
[    9.102] geom container=440x396 scale=3.0 cellPx=18x36 natural=72x33 eff=72x33 pinned=nil renderRect=440x396@0
[    9.568] tick.alive win=true suspended=false renderInFlight=false needsDraw=false contents=true surf=440x396 sinceOutput=523ms
[    9.904] composer.keyboardHideWhilePresented prevKeyboardHeight=318 frOwner=2 proxyIsFR=1
[    9.912] surface.layout bounds=440x836 window=true
[    9.912] surface.occlusion visible=true window=true hidden=false alpha=1.0
[    9.916] runtime.tick
[    9.949] geom container=440x430 scale=3.0 cellPx=18x35 natural=72x36 eff=72x33 pinned=440x394 renderRect=440x394@36
[    9.949] zoom.autofit.deferred kbAnim=0 pendingReport=0 awaitingEcho=0 reportGrid=72x36 lastReported=72x33
[    9.949] runtime.tick
[    9.949] scroll.bar total=33 offset=0 len=33
[    9.951] surface.layout bounds=440x836 window=true
[    9.951] surface.occlusion visible=true window=true hidden=false alpha=1.0
[    9.951] runtime.tick
[    9.967] geom container=440x430 scale=3.0 cellPx=18x35 natural=72x36 eff=72x33 pinned=440x394 renderRect=440x394@0
[    9.967] zoom.autofit.deferred kbAnim=0 pendingReport=1 awaitingEcho=0 reportGrid=72x36 lastReported=72x36
[    9.967] runtime.tick
[    9.967] scroll.bar total=33 offset=0 len=33
[   10.046] runtime.tick
[   10.085] zoom.report grid=72x36 id=4
[   10.239] terminal.output.viewport_resync surface=F78CA8FE-6177-4A0D-AA0A-77537A4F29E6 grid=72x36
[   10.240] zoom.applyViewSize eff=72x33->72x36
[   10.245] runtime.tick
[   10.245] geom container=440x430 scale=3.0 cellPx=18x35 natural=72x36 eff=72x36 pinned=nil renderRect=440x430@0
[   10.245] runtime.tick
[   10.245] scroll.bar total=36 offset=0 len=36
[   10.248] terminal.output.drop_replay_barrier surface=F78CA8FE-6177-4A0D-AA0A-77537A4F29E6 count=1
[   10.262] surface.layout bounds=440x836 window=true
[   10.262] surface.occlusion visible=true window=true hidden=false alpha=1.0
[   10.265] runtime.tick
[   10.279] geom container=440x430 scale=3.0 cellPx=18x35 natural=72x36 eff=72x36 pinned=nil renderRect=440x430@0
[   10.323] CMUX_REPLAY render_grid surface=F78CA8FE-6177-4A0D-AA0A-77537A4F29E6 spans=49 seq=10198
[   10.370] surface.didMoveToWindow window=false
[   10.370] surface.occlusion visible=false window=false hidden=false alpha=1.0
[   10.398] runtime.tick
[   10.471] composer.toggle active=true keyboardHeight=0 occInBounds=0 barHidden=false barY=0 barH=36 boundsH=700
[   10.480] surface.layout bounds=402x700 window=false
[   10.480] surface.occlusion visible=false window=false hidden=false alpha=1.0
[   10.495] changes.hint eval ws=96741731 capable=true files=-1 dismissed=false shown=false
[   10.504] surface.didMoveToWindow window=true
[   10.504] surface.occlusion visible=true window=true hidden=false alpha=1.0
[   10.525] surface.layout bounds=440x836 window=true
[   10.525] surface.occlusion visible=true window=true hidden=false alpha=1.0
[   10.547] surface.layout bounds=440x836 window=true
[   10.547] surface.occlusion visible=true window=true hidden=false alpha=1.0
[   10.548] runtime.tick
[   10.548] scroll.bar total=17 offset=0 len=17
[   10.552] tick.alive win=true suspended=false renderInFlight=false needsDraw=true contents=false surf=0x0 sinceOutput=-1ms
[   10.553] geom container=440x714 scale=3.0 cellPx=18x35 natural=72x61 eff=nil pinned=nil renderRect=440x714@0
[   10.553] zoom.autofit.deferred kbAnim=0 pendingReport=0 awaitingEcho=0 reportGrid=72x61 lastReported=nil
[   10.553] runtime.tick
[   10.553] scroll.bar total=61 offset=0 len=61
[   10.553] runtime.tick
[   10.553] macupdate.hint caps=48 version=nil hint=nil
[   10.566] surface.layout bounds=440x836 window=true
[   10.566] surface.occlusion visible=true window=true hidden=false alpha=1.0
[   10.582] geom container=440x714 scale=3.0 cellPx=18x35 natural=72x61 eff=nil pinned=nil renderRect=440x714@0
[   10.582] zoom.autofit.deferred kbAnim=0 pendingReport=1 awaitingEcho=0 reportGrid=72x61 lastReported=72x61
[   10.634] macupdate.hint caps=48 version=0.64.22 hint=nil
[   10.693] zoom.report grid=72x61 id=1
[   10.693] CMUX_REPLAY stale_request_failed surface=33CE8C50-813F-4841-9EDE-EC9FAB3941D7
[   10.769] terminal.output.viewport_resync surface=33CE8C50-813F-4841-9EDE-EC9FAB3941D7 grid=94x37
[   10.770] geom container=440x714 scale=3.0 cellPx=18x35 natural=72x61 eff=nil pinned=nil renderRect=440x714@0
[   10.770] zoom.autofit.deferred kbAnim=0 pendingReport=0 awaitingEcho=1 reportGrid=72x61 lastReported=72x61
[   10.817] surface.layout bounds=440x802 window=true
[   10.817] surface.occlusion visible=true window=true hidden=false alpha=1.0
[   10.823] sync.transport=render_grid
[   10.823] terminal.output.replay_barrier_cleared_workspace_not_found surface=F78CA8FE-6177-4A0D-AA0A-77537A4F29E6
[   10.823] runtime.tick
[   10.837] surface.layout bounds=440x802 window=true
[   10.837] surface.occlusion visible=true window=true hidden=false alpha=1.0
[   10.839] geom container=440x396 scale=3.0 cellPx=18x36 natural=72x33 eff=nil pinned=nil renderRect=440x396@0
[   10.839] zoom.autofit.deferred kbAnim=0 pendingReport=0 awaitingEcho=0 reportGrid=72x33 lastReported=72x61
[   10.839] runtime.tick
[   10.839] scroll.bar total=33 offset=0 len=33
[   10.839] runtime.tick
[   10.854] surface.layout bounds=440x802 window=true
[   10.854] surface.occlusion visible=true window=true hidden=false alpha=1.0
[   10.855] geom container=440x396 scale=3.0 cellPx=18x36 natural=72x33 eff=nil pinned=nil renderRect=440x396@0
[   10.855] zoom.autofit.deferred kbAnim=0 pendingReport=1 awaitingEcho=0 reportGrid=72x33 lastReported=72x33
[   10.855] runtime.tick
[   10.877] geom container=440x396 scale=3.0 cellPx=18x36 natural=72x33 eff=nil pinned=nil renderRect=440x396@0
[   10.877] zoom.autofit.deferred kbAnim=0 pendingReport=1 awaitingEcho=0 reportGrid=72x33 lastReported=72x33
[   10.880] CMUX_REPLAY retry_after_failure surface=33CE8C50-813F-4841-9EDE-EC9FAB3941D7 attempt=1
[   10.905] sync.subscribe_ok topics=16 transport=renderGrid
[   10.966] CMUX_REPLAY retry_after_failure surface=33CE8C50-813F-4841-9EDE-EC9FAB3941D7 attempt=2
[   10.977] zoom.report grid=72x33 id=2
[   10.977] CMUX_REPLAY stale_request_failed surface=33CE8C50-813F-4841-9EDE-EC9FAB3941D7
[   11.092] terminal.output.drop_replay_barrier surface=33CE8C50-813F-4841-9EDE-EC9FAB3941D7 count=1
[   11.094] changes.summary ok requested=2 summaries=2 chips=0 sample=- reqSample=96741731
[   11.094] notif.reconcile delivered=0 handled=0 unread=0
[   11.141] sync.render_grid_waiting_for_baseline source=event surface=33CE8C50-813F-4841-9EDE-EC9FAB3941D7 seq=18777
[   11.175] terminal.output.viewport_resync surface=33CE8C50-813F-4841-9EDE-EC9FAB3941D7 grid=72x33
[   11.181] geom container=440x396 scale=3.0 cellPx=18x36 natural=72x33 eff=nil pinned=nil renderRect=440x396@0
[   11.297] CMUX_REPLAY render_grid surface=33CE8C50-813F-4841-9EDE-EC9FAB3941D7 spans=65 seq=18777
[   11.339] verified_replay.freeze transaction=1 contents=true
[   11.339] zoom.applyViewSize eff=nil->72x33
[   11.339] geom container=440x396 scale=3.0 cellPx=18x36 natural=72x33 eff=72x33 pinned=nil renderRect=440x396@0
[   11.339] runtime.tick
[   11.339] runtime.tick
[   11.339] runtime.tick
[   11.339] runtime.tick
[   11.339] runtime.tick
[   11.339] runtime.tick
[   11.339] surface.layers reason=processOutput host=CAMetalLayer bounds=(0.0, 0.0, 440.0, 802.0) frame=(0.0, 0.0, 440.0, 802.0) contentsScale=3.0 children=[0:CALayer bounds=(0.0, 0.0, 440.0, 396.0) frame=(0.0, 0.0, 440.0, 396.0) hidden=true contents=false scale=1.0 | 1:CALayer bounds=(0.0, 499650.0, 440.0, 802.0) frame=(0.0, 0.0, 440.0, 802.0) hidden=false contents=false scale=1.0 | 2:CALayer bounds=(0.0, 0.0, 440.0, 1.0) frame=(0.0, 0.0, 440.0, 1.0) hidden=false contents=false scale=1.0 | 3:CALayer bounds=(0.0, 0.0, 440.0, 802.0) frame=(0.0, 0.0, 440.0, 802.0) hidden=false contents=false scale=1.0] fallbackHidden=true fallbackChars=0
[   11.348] surface.layout bounds=440x802 window=true
[   11.348] surface.occlusion visible=true window=true hidden=false alpha=1.0
[   11.350] runtime.tick
[   11.365] verified_replay.reveal transaction=1
[   11.365] terminal.output.replay_barrier_cleared surface=33CE8C50-813F-4841-9EDE-EC9FAB3941D7
[   11.365] geom container=440x396 scale=3.0 cellPx=18x36 natural=72x33 eff=72x33 pinned=nil renderRect=440x396@0
[   11.382] surface.layout bounds=440x802 window=true
[   11.382] surface.occlusion visible=true window=true hidden=false alpha=1.0
[   11.382] runtime.tick
[   11.398] geom container=440x396 scale=3.0 cellPx=18x36 natural=72x33 eff=72x33 pinned=nil renderRect=440x396@0
[   11.485] surface.layout bounds=440x802 window=true
[   11.485] surface.occlusion visible=true window=true hidden=false alpha=1.0
[   11.488] runtime.tick
[   11.498] geom container=440x396 scale=3.0 cellPx=18x36 natural=72x33 eff=72x33 pinned=nil renderRect=440x396@0
[   11.942] runtime.tick
[   12.068] verified_replay.freeze transaction=2 contents=true
[   12.069] terminal.output.reset surface=33CE8C50-813F-4841-9EDE-EC9FAB3941D7
[   12.082] surface.layout bounds=440x802 window=true
[   12.082] surface.occlusion visible=true window=true hidden=false alpha=1.0
[   12.084] runtime.tick
[   12.098] geom container=440x396 scale=3.0 cellPx=18x36 natural=72x33 eff=72x33 pinned=nil renderRect=440x396@0
[   12.102] sync.render_grid_waiting_for_baseline source=event surface=33CE8C50-813F-4841-9EDE-EC9FAB3941D7 seq=19545
[   12.102] terminal.output.drop_replay_barrier surface=33CE8C50-813F-4841-9EDE-EC9FAB3941D7 count=1
[   12.168] CMUX_REPLAY render_grid surface=33CE8C50-813F-4841-9EDE-EC9FAB3941D7 spans=49 seq=19545
[   12.185] runtime.tick
[   12.185] runtime.tick
[   12.185] runtime.tick
[   12.185] runtime.tick
[   12.185] runtime.tick
[   12.215] verified_replay.reveal transaction=3
[   12.215] terminal.output.replay_barrier_cleared surface=33CE8C50-813F-4841-9EDE-EC9FAB3941D7
[   12.215] terminal.output.replay_followup surface=33CE8C50-813F-4841-9EDE-EC9FAB3941D7
[   12.232] surface.layout bounds=440x802 window=true
[   12.232] surface.occlusion visible=true window=true hidden=false alpha=1.0
[   12.232] runtime.tick
[   12.248] geom container=440x396 scale=3.0 cellPx=18x36 natural=72x33 eff=72x33 pinned=nil renderRect=440x396@0
[   12.339] CMUX_REPLAY render_grid surface=33CE8C50-813F-4841-9EDE-EC9FAB3941D7 spans=49 seq=19545
[   12.367] verified_replay.freeze transaction=4 contents=true
[   12.367] runtime.tick
[   12.367] runtime.tick
[   12.367] runtime.tick
[   12.367] runtime.tick
[   12.367] runtime.tick
[   12.367] runtime.tick
[   12.367] runtime.tick
[   12.367] surface.layers reason=processOutput host=CAMetalLayer bounds=(0.0, 0.0, 440.0, 802.0) frame=(0.0, 0.0, 440.0, 802.0) contentsScale=3.0 children=[0:CALayer bounds=(0.0, 0.0, 440.0, 396.0) frame=(0.0, 0.0, 440.0, 396.0) hidden=true contents=false scale=1.0 | 1:CALayer bounds=(0.0, 499650.0, 440.0, 802.0) frame=(0.0, 0.0, 440.0, 802.0) hidden=false contents=false scale=1.0 | 2:CALayer bounds=(0.0, 0.0, 440.0, 1.0) frame=(0.0, 0.0, 440.0, 1.0) hidden=false contents=false scale=1.0 | 3:CALayer bounds=(0.0, 0.0, 440.0, 802.0) frame=(0.0, 0.0, 440.0, 802.0) hidden=false contents=false scale=1.0] fallbackHidden=true fallbackChars=0
[   12.381] surface.layout bounds=440x802 window=true
[   12.381] surface.occlusion visible=true window=true hidden=false alpha=1.0
[   12.383] runtime.tick
[   12.398] verified_replay.reveal transaction=4
[   12.398] terminal.output.replay_barrier_cleared surface=33CE8C50-813F-4841-9EDE-EC9FAB3941D7
[   12.398] geom container=440x396 scale=3.0 cellPx=18x36 natural=72x33 eff=72x33 pinned=nil renderRect=440x396@0
[   12.429] surface.layout bounds=440x802 window=true
[   12.429] surface.occlusion visible=true window=true hidden=false alpha=1.0
[   12.430] runtime.tick
[   12.431] geom container=440x396 scale=3.0 cellPx=18x36 natural=72x33 eff=72x33 pinned=nil renderRect=440x396@0
[   12.564] tick.alive win=true suspended=false renderInFlight=false needsDraw=false contents=true surf=440x396 sinceOutput=197ms
[   13.368] runtime.tick
[   13.783] verified_replay.freeze transaction=5 contents=true
[   13.783] terminal.output.reset surface=33CE8C50-813F-4841-9EDE-EC9FAB3941D7
[   13.798] surface.layout bounds=440x802 window=true
[   13.798] surface.occlusion visible=true window=true hidden=false alpha=1.0
[   13.799] runtime.tick
[   13.814] geom container=440x396 scale=3.0 cellPx=18x36 natural=72x33 eff=72x33 pinned=nil renderRect=440x396@0
[   13.916] CMUX_REPLAY render_grid surface=33CE8C50-813F-4841-9EDE-EC9FAB3941D7 spans=22 seq=20963
[   13.933] runtime.tick
[   13.933] runtime.tick
[   13.933] runtime.tick
[   13.933] runtime.tick
[   13.933] runtime.tick
[   13.934] surface.layers reason=processOutput host=CAMetalLayer bounds=(0.0, 0.0, 440.0, 802.0) frame=(0.0, 0.0, 440.0, 802.0) contentsScale=3.0 children=[0:CALayer bounds=(0.0, 0.0, 440.0, 396.0) frame=(0.0, 0.0, 440.0, 396.0) hidden=true contents=false scale=1.0 | 1:CALayer bounds=(0.0, 499650.0, 440.0, 802.0) frame=(0.0, 0.0, 440.0, 802.0) hidden=false contents=false scale=1.0 | 2:CALayer bounds=(0.0, 0.0, 440.0, 1.0) frame=(0.0, 0.0, 440.0, 1.0) hidden=false contents=false scale=1.0 | 3:CALayer bounds=(0.0, 0.0, 440.0, 802.0) frame=(0.0, 0.0, 440.0, 802.0) hidden=false contents=false scale=1.0] fallbackHidden=true fallbackChars=0
[   14.003] verified_replay.reveal transaction=6
[   14.003] terminal.output.replay_barrier_cleared surface=33CE8C50-813F-4841-9EDE-EC9FAB3941D7
[   14.015] surface.layout bounds=440x802 window=true
[   14.015] surface.occlusion visible=true window=true hidden=false alpha=1.0
[   14.015] runtime.tick
[   14.077] composer.keyboardHideWhilePresented prevKeyboardHeight=318 frOwner=2 proxyIsFR=1
[   14.084] surface.layout bounds=440x836 window=true
[   14.084] surface.occlusion visible=true window=true hidden=false alpha=1.0
[   14.087] geom container=440x396 scale=3.0 cellPx=18x36 natural=72x33 eff=72x33 pinned=nil renderRect=440x396@34
[   14.088] runtime.tick
[   14.094] geom container=440x430 scale=3.0 cellPx=18x35 natural=72x36 eff=72x33 pinned=440x394 renderRect=440x394@36
[   14.094] zoom.autofit.deferred kbAnim=0 pendingReport=0 awaitingEcho=0 reportGrid=72x36 lastReported=72x33
[   14.094] runtime.tick
[   14.094] scroll.bar total=33 offset=0 len=33
[   14.098] surface.layout bounds=440x836 window=true
[   14.098] surface.occlusion visible=true window=true hidden=false alpha=1.0
[   14.100] runtime.tick
[   14.116] geom container=440x430 scale=3.0 cellPx=18x35 natural=72x36 eff=72x33 pinned=440x394 renderRect=440x394@0
[   14.116] zoom.autofit.deferred kbAnim=0 pendingReport=1 awaitingEcho=0 reportGrid=72x36 lastReported=72x36
[   14.116] runtime.tick
[   14.116] scroll.bar total=33 offset=0 len=33
[   14.285] zoom.report grid=72x36 id=3
[   14.304] surface.layout bounds=440x836 window=true
[   14.304] surface.occlusion visible=true window=true hidden=false alpha=1.0
[   14.305] runtime.tick
[   14.319] geom container=440x430 scale=3.0 cellPx=18x35 natural=72x36 eff=72x33 pinned=440x394 renderRect=440x394@0
[   14.319] zoom.autofit.deferred kbAnim=0 pendingReport=0 awaitingEcho=1 reportGrid=72x36 lastReported=72x36
[   14.319] runtime.tick
[   14.319] scroll.bar total=33 offset=0 len=33
[   14.434] terminal.output.viewport_resync surface=33CE8C50-813F-4841-9EDE-EC9FAB3941D7 grid=72x36
[   14.435] zoom.applyViewSize eff=72x33->72x36
[   14.437] terminal.output.drop_replay_barrier surface=33CE8C50-813F-4841-9EDE-EC9FAB3941D7 count=1
[   14.437] sync.render_grid_stale source=event surface=33CE8C50-813F-4841-9EDE-EC9FAB3941D7 delivered=20963 frame=20963
[   14.452] zoom.report grid=72x36 id=4
[   14.455] runtime.tick
[   14.455] scroll.bar total=36 offset=0 len=36
[   14.456] geom container=440x430 scale=3.0 cellPx=18x35 natural=72x36 eff=72x36 pinned=nil renderRect=440x430@0
[   14.456] zoom.autofit.deferred kbAnim=0 pendingReport=0 awaitingEcho=1 reportGrid=72x36 lastReported=72x36
[   14.456] runtime.tick
[   14.461] surface.layout bounds=440x836 window=true
[   14.461] surface.occlusion visible=true window=true hidden=false alpha=1.0
[   14.464] runtime.tick
[   14.479] geom container=440x430 scale=3.0 cellPx=18x35 natural=72x36 eff=72x36 pinned=nil renderRect=440x430@0
[   14.480] zoom.autofit.deferred kbAnim=0 pendingReport=0 awaitingEcho=1 reportGrid=72x36 lastReported=72x36
[   14.527] CMUX_REPLAY render_grid surface=33CE8C50-813F-4841-9EDE-EC9FAB3941D7 spans=22 seq=20963
[   14.546] geom container=440x430 scale=3.0 cellPx=18x35 natural=72x36 eff=72x36 pinned=nil renderRect=440x430@0
[   14.565] verified_replay.freeze transaction=7 contents=true
[   14.589] surface.didMoveToWindow window=false
[   14.589] surface.occlusion visible=false window=false hidden=false alpha=1.0
[   14.616] runtime.tick
[   23.381] composer.toggle active=true keyboardHeight=0 occInBounds=0 barHidden=false barY=0 barH=36 boundsH=700
[   23.392] surface.layout bounds=402x700 window=false
[   23.392] surface.occlusion visible=false window=false hidden=false alpha=1.0
[   23.407] changes.hint eval ws=167FAC98 capable=true files=-1 dismissed=false shown=false
[   23.416] surface.didMoveToWindow window=true
[   23.416] surface.occlusion visible=true window=true hidden=false alpha=1.0
[   23.437] surface.layout bounds=440x836 window=true
[   23.437] surface.occlusion visible=true window=true hidden=false alpha=1.0
[   23.459] surface.layout bounds=440x836 window=true
[   23.460] surface.occlusion visible=true window=true hidden=false alpha=1.0
[   23.462] runtime.tick
[   23.462] scroll.bar total=17 offset=0 len=17
[   23.482] tick.alive win=true suspended=false renderInFlight=false needsDraw=true contents=false surf=0x0 sinceOutput=-1ms
[   23.496] surface.layout bounds=440x836 window=true
[   23.496] surface.occlusion visible=true window=true hidden=false alpha=1.0
[   23.498] geom container=440x714 scale=3.0 cellPx=18x35 natural=72x61 eff=nil pinned=nil renderRect=440x714@0
[   23.498] zoom.autofit.deferred kbAnim=0 pendingReport=0 awaitingEcho=0 reportGrid=72x61 lastReported=nil
[   23.498] runtime.tick
[   23.498] scroll.bar total=61 offset=0 len=61
[   23.498] runtime.tick
[   23.498] macupdate.hint caps=48 version=nil hint=nil
[   23.511] surface.layout bounds=440x836 window=true
[   23.511] surface.occlusion visible=true window=true hidden=false alpha=1.0
[   23.514] geom container=440x714 scale=3.0 cellPx=18x35 natural=72x61 eff=nil pinned=nil renderRect=440x714@0
[   23.514] zoom.autofit.deferred kbAnim=0 pendingReport=1 awaitingEcho=0 reportGrid=72x61 lastReported=72x61
[   23.514] runtime.tick
[   23.524] geom container=440x714 scale=3.0 cellPx=18x35 natural=72x61 eff=nil pinned=nil renderRect=440x714@0
[   23.524] zoom.autofit.deferred kbAnim=0 pendingReport=1 awaitingEcho=0 reportGrid=72x61 lastReported=72x61
[   23.623] zoom.report grid=72x61 id=1
[   23.624] CMUX_REPLAY stale_request_failed surface=F78CA8FE-6177-4A0D-AA0A-77537A4F29E6
[   23.667] macupdate.hint caps=48 version=0.64.22 hint=nil
[   23.727] surface.layout bounds=440x802 window=true
[   23.727] surface.occlusion visible=true window=true hidden=false alpha=1.0
[   23.731] geom container=440x714 scale=3.0 cellPx=18x35 natural=72x61 eff=nil pinned=nil renderRect=440x714@0
[   23.731] zoom.autofit.deferred kbAnim=0 pendingReport=0 awaitingEcho=1 reportGrid=72x61 lastReported=72x61
[   23.731] terminal.output.viewport_resync surface=F78CA8FE-6177-4A0D-AA0A-77537A4F29E6 grid=72x61
[   23.732] runtime.tick
[   23.732] geom.deferShrink container=440x396 applied=440x714
[   23.734] surface.layout bounds=440x802 window=true
[   23.734] surface.occlusion visible=true window=true hidden=false alpha=1.0
[   23.734] geom container=440x396 scale=3.0 cellPx=18x35 natural=72x61 eff=nil pinned=nil renderRect=440x714@-284
[   23.734] zoom.autofit.deferred kbAnim=0 pendingReport=0 awaitingEcho=0 reportGrid=72x33 lastReported=72x61
[   23.734] runtime.tick
[   23.748] geom.deferShrink container=440x396 applied=440x714
[   23.749] geom container=440x396 scale=3.0 cellPx=18x35 natural=72x61 eff=nil pinned=nil renderRect=440x714@0
[   23.749] zoom.autofit.deferred kbAnim=0 pendingReport=1 awaitingEcho=0 reportGrid=72x33 lastReported=72x33
[   23.860] CMUX_REPLAY render_grid surface=F78CA8FE-6177-4A0D-AA0A-77537A4F29E6 spans=37 seq=13103
[   23.865] zoom.report grid=72x33 id=2
[   23.902] verified_replay.freeze transaction=1 contents=true
[   23.902] zoom.applyViewSize eff=nil->72x61
[   23.902] geom.deferShrink container=440x396 applied=440x714
[   23.902] geom container=440x396 scale=3.0 cellPx=18x35 natural=72x61 eff=72x61 pinned=nil renderRect=440x714@0
[   23.902] zoom.autofit.deferred kbAnim=0 pendingReport=0 awaitingEcho=1 reportGrid=72x33 lastReported=72x33
[   23.902] runtime.tick
[   23.902] runtime.tick
[   23.902] runtime.tick
[   23.902] runtime.tick
[   23.902] runtime.tick
[   23.903] runtime.tick
[   23.903] surface.layers reason=processOutput host=CAMetalLayer bounds=(0.0, 0.0, 440.0, 802.0) frame=(0.0, 0.0, 440.0, 802.0) contentsScale=3.0 children=[0:CALayer bounds=(0.0, 0.0, 440.0, 396.0) frame=(0.0, 0.0, 440.0, 396.0) hidden=true contents=false scale=1.0 | 1:CALayer bounds=(0.0, 499650.0, 440.0, 802.0) frame=(0.0, 0.0, 440.0, 802.0) hidden=false contents=false scale=1.0 | 2:CALayer bounds=(0.0, 0.0, 440.0, 1.0) frame=(0.0, 0.0, 440.0, 1.0) hidden=false contents=false scale=1.0 | 3:CALayer bounds=(0.0, 0.0, 440.0, 802.0) frame=(0.0, 0.0, 440.0, 802.0) hidden=false contents=false scale=1.0] fallbackHidden=true fallbackChars=0
[   23.915] surface.layout bounds=440x802 window=true
[   23.915] surface.occlusion visible=true window=true hidden=false alpha=1.0
[   23.917] runtime.tick
[   23.926] terminal.output.viewport_resync surface=F78CA8FE-6177-4A0D-AA0A-77537A4F29E6 grid=72x33
[   23.926] zoom.applyViewSize eff=72x61->72x33
[   23.947] geom container=440x396 scale=3.0 cellPx=18x36 natural=72x33 eff=72x33 pinned=nil renderRect=440x396@0
[   23.947] zoom.autofit.deferred kbAnim=0 pendingReport=0 awaitingEcho=0 reportGrid=72x33 lastReported=72x33
[   23.949] surface.layout bounds=440x802 window=true
[   23.949] surface.occlusion visible=true window=true hidden=false alpha=1.0
[   23.966] geom container=440x396 scale=3.0 cellPx=18x36 natural=72x33 eff=72x33 pinned=nil renderRect=440x396@0
[   23.966] zoom.autofit.deferred kbAnim=0 pendingReport=1 awaitingEcho=0 reportGrid=72x33 lastReported=72x33
[   24.002] CMUX_REPLAY render_grid surface=F78CA8FE-6177-4A0D-AA0A-77537A4F29E6 spans=37 seq=13103
[   24.002] runtime.tick
[   24.002] runtime.tick
[   24.002] runtime.tick
[   24.002] runtime.tick
[   24.002] runtime.tick
[   24.003] runtime.tick
[   24.003] scroll.bar total=33 offset=0 len=33
[   24.037] verified_replay.reveal transaction=2
[   24.037] terminal.output.replay_barrier_cleared surface=F78CA8FE-6177-4A0D-AA0A-77537A4F29E6
[   24.054] surface.layout bounds=440x802 window=true
[   24.054] surface.occlusion visible=true window=true hidden=false alpha=1.0
[   24.054] runtime.tick
[   24.070] zoom.report grid=72x33 id=3
[   24.070] geom container=440x396 scale=3.0 cellPx=18x36 natural=72x33 eff=72x33 pinned=nil renderRect=440x396@0
[   24.070] zoom.autofit.deferred kbAnim=0 pendingReport=0 awaitingEcho=1 reportGrid=72x33 lastReported=72x33
[   24.070] changes.summary ok requested=2 summaries=2 chips=0 sample=- reqSample=167FAC98
[   24.139] surface.layout bounds=440x802 window=true
[   24.139] surface.occlusion visible=true window=true hidden=false alpha=1.0
[   24.142] runtime.tick
[   24.154] geom container=440x396 scale=3.0 cellPx=18x36 natural=72x33 eff=72x33 pinned=nil renderRect=440x396@0
[   24.154] zoom.autofit.deferred kbAnim=0 pendingReport=0 awaitingEcho=1 reportGrid=72x33 lastReported=72x33
[   24.190] geom container=440x396 scale=3.0 cellPx=18x36 natural=72x33 eff=72x33 pinned=nil renderRect=440x396@0
[   24.566] sync.transport=render_grid
[   24.566] terminal.output.replay_barrier_cleared_workspace_not_found surface=33CE8C50-813F-4841-9EDE-EC9FAB3941D7
[   24.693] sync.subscribe_ok topics=16 transport=renderGrid
[   24.768] notif.reconcile delivered=0 handled=0 unread=0
[   25.004] runtime.tick
[   25.074] verified_replay.freeze transaction=3 contents=true
[   25.074] terminal.output.reset surface=F78CA8FE-6177-4A0D-AA0A-77537A4F29E6
[   25.087] surface.layout bounds=440x802 window=true
[   25.087] surface.occlusion visible=true window=true hidden=false alpha=1.0
[   25.089] runtime.tick
[   25.103] geom container=440x396 scale=3.0 cellPx=18x36 natural=72x33 eff=72x33 pinned=nil renderRect=440x396@0
[   25.213] CMUX_REPLAY render_grid surface=F78CA8FE-6177-4A0D-AA0A-77537A4F29E6 spans=36 seq=13151
[   25.232] runtime.tick
[   25.232] runtime.tick
[   25.232] runtime.tick
[   25.232] runtime.tick
[   25.232] runtime.tick
[   25.232] surface.layers reason=processOutput host=CAMetalLayer bounds=(0.0, 0.0, 440.0, 802.0) frame=(0.0, 0.0, 440.0, 802.0) contentsScale=3.0 children=[0:CALayer bounds=(0.0, 0.0, 440.0, 396.0) frame=(0.0, 0.0, 440.0, 396.0) hidden=true contents=false scale=1.0 | 1:CALayer bounds=(0.0, 499650.0, 440.0, 802.0) frame=(0.0, 0.0, 440.0, 802.0) hidden=false contents=false scale=1.0 | 2:CALayer bounds=(0.0, 0.0, 440.0, 1.0) frame=(0.0, 0.0, 440.0, 1.0) hidden=false contents=false scale=1.0 | 3:CALayer bounds=(0.0, 0.0, 440.0, 802.0) frame=(0.0, 0.0, 440.0, 802.0) hidden=false contents=false scale=1.0] fallbackHidden=true fallbackChars=0
[   25.270] verified_replay.reveal transaction=4
[   25.271] terminal.output.replay_barrier_cleared surface=F78CA8FE-6177-4A0D-AA0A-77537A4F29E6
[   25.287] surface.layout bounds=440x802 window=true
[   25.287] surface.occlusion visible=true window=true hidden=false alpha=1.0
[   25.288] runtime.tick
[   25.303] geom container=440x396 scale=3.0 cellPx=18x36 natural=72x33 eff=72x33 pinned=nil renderRect=440x396@0
[   25.486] tick.alive win=true suspended=false renderInFlight=false needsDraw=false contents=true surf=440x396 sinceOutput=253ms
[   26.231] runtime.tick
[   27.503] tick.alive win=true suspended=false renderInFlight=false needsDraw=false contents=true surf=440x396 sinceOutput=2270ms
[   29.503] tick.alive win=true suspended=false renderInFlight=false needsDraw=false contents=true surf=440x396 sinceOutput=4270ms
[   31.503] tick.alive win=true suspended=false renderInFlight=false needsDraw=false contents=true surf=440x396 sinceOutput=6270ms
[   33.504] tick.alive win=true suspended=false renderInFlight=false needsDraw=false contents=true surf=440x396 sinceOutput=8271ms
[   35.504] tick.alive win=true suspended=false renderInFlight=false needsDraw=false contents=true surf=440x396 sinceOutput=10271ms
[   36.106] sync.liveness probe_ok silentMs=11008
[   37.504] tick.alive win=true suspended=false renderInFlight=false needsDraw=false contents=true surf=440x396 sinceOutput=12271ms
[   39.504] tick.alive win=true suspended=false renderInFlight=false needsDraw=false contents=true surf=440x396 sinceOutput=14271ms
[   40.413] changes.summary ok requested=2 summaries=2 chips=0 sample=- reqSample=167FAC98
[   41.504] tick.alive win=true suspended=false renderInFlight=false needsDraw=false contents=true surf=440x396 sinceOutput=16271ms
[   43.505] tick.alive win=true suspended=false renderInFlight=false needsDraw=false contents=true surf=440x396 sinceOutput=18271ms
[   45.505] tick.alive win=true suspended=false renderInFlight=false needsDraw=false contents=true surf=440x396 sinceOutput=20272ms
[   46.061] sync.liveness probe_ok silentMs=9893
[   47.505] tick.alive win=true suspended=false renderInFlight=false needsDraw=false contents=true surf=440x396 sinceOutput=22272ms
[   49.505] tick.alive win=true suspended=false renderInFlight=false needsDraw=false contents=true surf=440x396 sinceOutput=24272ms
[   51.505] tick.alive win=true suspended=false renderInFlight=false needsDraw=false contents=true surf=440x396 sinceOutput=26272ms
[   53.505] tick.alive win=true suspended=false renderInFlight=false needsDraw=false contents=true surf=440x396 sinceOutput=28272ms
[   55.506] tick.alive win=true suspended=false renderInFlight=false needsDraw=false contents=true surf=440x396 sinceOutput=30273ms
[   56.158] sync.liveness probe_ok silentMs=9971
[   57.506] tick.alive win=true suspended=false renderInFlight=false needsDraw=false contents=true surf=440x396 sinceOutput=32273ms
[   59.506] tick.alive win=true suspended=false renderInFlight=false needsDraw=false contents=true surf=440x396 sinceOutput=34273ms
[   61.506] tick.alive win=true suspended=false renderInFlight=false needsDraw=false contents=true surf=440x396 sinceOutput=36273ms
[   63.506] tick.alive win=true suspended=false renderInFlight=false needsDraw=false contents=true surf=440x396 sinceOutput=38273ms
[   65.507] tick.alive win=true suspended=false renderInFlight=false needsDraw=false contents=true surf=440x396 sinceOutput=40273ms
[   66.129] sync.liveness probe_ok silentMs=9869
[   67.463] composer.keyboardHideWhilePresented prevKeyboardHeight=318 frOwner=2 proxyIsFR=1
[   67.464] runtime.tick
[   67.481] surface.layout bounds=440x836 window=true
[   67.481] surface.occlusion visible=true window=true hidden=false alpha=1.0
[   67.483] geom container=440x714 scale=3.0 cellPx=18x35 natural=72x61 eff=72x33 pinned=440x386 renderRect=440x386@0
[   67.483] zoom.autofit.deferred kbAnim=1 pendingReport=0 awaitingEcho=0 reportGrid=72x61 lastReported=72x33
[   67.483] geom container=440x714 scale=3.0 cellPx=18x35 natural=72x61 eff=72x33 pinned=440x386 renderRect=440x386@0
[   67.483] zoom.autofit.deferred kbAnim=1 pendingReport=1 awaitingEcho=0 reportGrid=72x61 lastReported=72x61
[   67.483] geom container=440x714 scale=3.0 cellPx=18x35 natural=72x61 eff=72x33 pinned=440x386 renderRect=440x386@0
[   67.483] zoom.autofit.deferred kbAnim=1 pendingReport=1 awaitingEcho=0 reportGrid=72x61 lastReported=72x61
[   67.483] surface.layout bounds=440x836 window=true
[   67.483] surface.occlusion visible=true window=true hidden=false alpha=1.0
[   67.484] geom container=440x714 scale=3.0 cellPx=18x35 natural=72x61 eff=72x33 pinned=440x386 renderRect=440x386@0
[   67.484] zoom.autofit.deferred kbAnim=1 pendingReport=1 awaitingEcho=0 reportGrid=72x61 lastReported=72x61
